package store

import "database/sql"

type GetUserRow struct {
	Id      int64
	Email   sql.NullString
	Credits sql.NullFloat64
}

func scanGetUserRow(rows sql.Rows) (GetUserRow, error) {
	var item GetUserRow
	if err := rows.Scan(&item.Id, &item.Email, &item.Credits); err != nil {
		return item, err
	}
	return item, nil
}

type ListUsersRow struct {
	Id    int64
	Email sql.NullString
}

func scanListUsersRow(rows sql.Rows) (ListUsersRow, error) {
	var item ListUsersRow
	if err := rows.Scan(&item.Id, &item.Email); err != nil {
		return item, err
	}
	return item, nil
}
