package store

import (
	"context"
	"database/sql"
)

type Querier interface {
	CreateUser(ctx context.Context, email sql.NullString, credits sql.NullFloat64) (sql.Result, error)
	DeleteUser(ctx context.Context, id int64) (QueryResult, error)
	GetUser(ctx context.Context, id int64) (GetUserRow, error)
	ListUsers(ctx context.Context) ([]ListUsersRow, error)
	SummarizeCredits(ctx context.Context) (SummarizeCreditsRow, error)
	UpdateUserCredits(ctx context.Context, credits sql.NullFloat64, id int64) (sql.Result, error)
}
type DBTX interface {
	ExecContext(ctx context.Context, query string, args ...any) (sql.Result, error)
	QueryContext(ctx context.Context, query string, args ...any) (sql.Rows, error)
	QueryRowContext(ctx context.Context, query string, args ...any) sql.Row
}
type Queries struct {
	db DBTX
}

func New(db DBTX) *Queries {
	return &Queries{db: db}
}

type QueryResult struct {
	LastInsertID int64
	RowsAffected int64
}
