package store

import (
	"context"
	"database/sql"
)

const queryCreateUser string = `INSERT INTO users (email, credits) VALUES (?, ?)`

func (q *Queries) CreateUser(ctx context.Context, email sql.NullString, credits sql.NullFloat64) (sql.Result, error) {
	return q.db.ExecContext(ctx, queryCreateUser, email, credits)
}
