package store

import "context"

const queryListUsers string = `SELECT id, email FROM users ORDER BY email`

func (q *Queries) ListUsers(ctx context.Context) ([]ListUsersRow, error) {
	rows, err := q.db.QueryContext(ctx, queryListUsers)
	if err != nil {
		return nil, err
	}
	defer rows.Close()
	items := make([]ListUsersRow, 0)
	for rows.Next() {
		item, err := scanListUsersRow(rows)
		if err != nil {
			return nil, err
		}
		items = append(items, item)
	}
	if err := rows.Err(); err != nil {
		return nil, err
	}
	return items, nil
}
